// Jest Snapshot v1, https://goo.gl/fbAQLP

exports[`rednering snapshot 1`] = `[Function]`;
